../Core/Src/DIP.c:14:8:createImage	24	static
../Core/Src/DIP.c:74:6:addFourier	16	static
../Core/Src/DIP.c:89:6:DIP_Resize	56	static
../Core/Src/DIP.c:115:6:DIP_negative	32	static
../Core/Src/DIP.c:132:6:DIP_powerTransform	56	static
../Core/Src/DIP.c:154:5:DIP_histogramFormation	24	static
../Core/Src/DIP.c:172:6:DIP_histogramEqualization	2352	static
../Core/Src/DIP.c:210:6:DIP_histogramSpecification	3400	static
../Core/Src/DIP.c:271:6:DIP_grayscaleWatermark	40	static
../Core/Src/DIP.c:308:5:compare_uint8	16	static
../Core/Src/DIP.c:312:6:DIP_filter2D	64	static
../Core/Src/DIP.c:341:6:DIP_gaussianBlur	112	static
../Core/Src/DIP.c:391:6:DIP_medianBlur	56	static
../Core/Src/DIP.c:430:6:DIP_fourier	48	static
../Core/Src/DIP.c:463:6:DIP_abs	120	static
../Core/Src/DIP.c:525:6:DIP_fourierInv	88	static
../Core/Src/DIP.c:583:14:orderof2	16	static
../Core/Src/DIP.c:597:6:DIP_grayscaleThreshold	32	static
../Core/Src/DIP.c:603:6:DIP_otsuMethod	9264	static
../Core/Src/DIP.c:655:6:DIP_sobelFilter	144	static
../Core/Src/DIP.c:716:6:regionGrowing	144	static
../Core/Src/DIP.c:766:6:IMAGE_basicSegmentation	32	static
../Core/Src/DIP.c:778:6:DIP_erode	64	static
../Core/Src/DIP.c:806:6:DIP_dilate	64	static
../Core/Src/DIP.c:835:6:DIP_opening	32	static
../Core/Src/DIP.c:844:6:DIP_closing	32	static
../Core/Src/DIP.c:853:6:DIP_connectedComponents	72	static
../Core/Src/DIP.c:899:6:DIP_canny	48	static
../Core/Src/DIP.c:939:6:translate	48	static
../Core/Src/DIP.c:957:6:DIP_scale	48	static
../Core/Src/DIP.c:974:6:DIP_rotate	64	static
../Core/Src/DIP.c:996:6:DIP_shear	48	static
