C:/Users/ozand/STM32CubeIDE/dip_workspace/2_32F746GDISCOVERY/Drivers/CMSIS/Include/core_cm7.h:2229:22:SCB_EnableICache	1
C:/Users/ozand/STM32CubeIDE/dip_workspace/2_32F746GDISCOVERY/Drivers/CMSIS/Include/core_cm7.h:2281:22:SCB_EnableDCache	3
../Core/Src/main.c:87:13:BSP_SDRAM_Initialization_Sequence	2
../Core/Src/main.c:176:5:main	2
../Core/Src/main.c:604:6:SystemClock_Config	4
../Core/Src/main.c:654:13:MX_DMA2D_Init	3
../Core/Src/main.c:688:13:MX_LTDC_Init	3
../Core/Src/main.c:747:13:MX_USART1_UART_Init	2
../Core/Src/main.c:776:13:MX_FMC_Init	2
../Core/Src/main.c:825:13:MX_GPIO_Init	1
../Core/Src/main.c:1233:6:MPU_Config	1
../Core/Src/main.c:1291:6:Error_Handler	1
