C:/Users/ozand/STM32CubeIDE/dip_workspace/2_32F746GDISCOVERY/Drivers/CMSIS/Include/core_cm7.h:2229:22:SCB_EnableICache	4	static,ignoring_inline_asm
C:/Users/ozand/STM32CubeIDE/dip_workspace/2_32F746GDISCOVERY/Drivers/CMSIS/Include/core_cm7.h:2281:22:SCB_EnableDCache	24	static,ignoring_inline_asm
../Core/Src/main.c:87:13:BSP_SDRAM_Initialization_Sequence	48	static
../Core/Src/main.c:176:5:main	96	static
../Core/Src/main.c:604:6:SystemClock_Config	88	static
../Core/Src/main.c:654:13:MX_DMA2D_Init	8	static
../Core/Src/main.c:688:13:MX_LTDC_Init	64	static
../Core/Src/main.c:747:13:MX_USART1_UART_Init	8	static
../Core/Src/main.c:776:13:MX_FMC_Init	40	static
../Core/Src/main.c:825:13:MX_GPIO_Init	72	static
../Core/Src/main.c:1233:6:MPU_Config	24	static
../Core/Src/main.c:1291:6:Error_Handler	4	static,ignoring_inline_asm
